
Memory Configuration

Name             Origin             Length             Attributes
flash            0x08000000         0x00020000         xr
sram             0x20000000         0x00005000         xrw
*default*        0x00000000         0xffffffff

Linker script and memory map


.text           0x08000000       0xdf
 *(.vectors*)
 .vectors       0x08000000       0x58 startup.o
 *(.text*)
 .text          0x08000058       0x7c main.o
                0x08000058                main
 .text          0x080000d4        0x8 startup.o
 *(.rodata)
 .rodata        0x080000dc        0x3 main.o
                0x080000dc                const_variable

.glue_7         0x080000e0        0x0
 .glue_7        0x080000e0        0x0 linker stubs

.glue_7t        0x080000e0        0x0
 .glue_7t       0x080000e0        0x0 linker stubs

.vfp11_veneer   0x080000e0        0x0
 .vfp11_veneer  0x080000e0        0x0 linker stubs

.v4_bx          0x080000e0        0x0
 .v4_bx         0x080000e0        0x0 linker stubs

.iplt           0x080000e0        0x0
 .iplt          0x080000e0        0x0 main.o

.rel.dyn        0x080000e0        0x0
 .rel.iplt      0x080000e0        0x0 main.o

.data           0x080000e0        0x7
 *(.data)
 .data          0x080000e0        0x7 main.o
                0x080000e0                R_ODR
                0x080000e4                g_variable
 .data          0x080000e7        0x0 startup.o

.igot.plt       0x080000e8        0x0
 .igot.plt      0x080000e8        0x0 main.o

.bss            0x20000000        0x0
 *(.bss*)
 .bss           0x20000000        0x0 main.o
 .bss           0x20000000        0x0 startup.o
LOAD main.o
LOAD startup.o
OUTPUT(learn-in-depth-cortex-m3.elf elf32-littlearm)

.debug_info     0x00000000      0xa98
 .debug_info    0x00000000      0xa72 main.o
 .debug_info    0x00000a72       0x26 startup.o

.debug_abbrev   0x00000000      0x1d7
 .debug_abbrev  0x00000000      0x1c3 main.o
 .debug_abbrev  0x000001c3       0x14 startup.o

.debug_loc      0x00000000       0x38
 .debug_loc     0x00000000       0x38 main.o

.debug_aranges  0x00000000       0x40
 .debug_aranges
                0x00000000       0x20 main.o
 .debug_aranges
                0x00000020       0x20 startup.o

.debug_line     0x00000000      0x19b
 .debug_line    0x00000000      0x160 main.o
 .debug_line    0x00000160       0x3b startup.o

.debug_str      0x00000000      0x50e
 .debug_str     0x00000000      0x4f5 main.o
                                0x556 (size before relaxing)
 .debug_str     0x000004f5       0x19 startup.o
                                 0x2e (size before relaxing)

.comment        0x00000000       0x7e
 .comment       0x00000000       0x7e main.o
                                 0x7f (size before relaxing)

.ARM.attributes
                0x00000000       0x31
 .ARM.attributes
                0x00000000       0x33 main.o
 .ARM.attributes
                0x00000033       0x21 startup.o

.debug_frame    0x00000000       0x2c
 .debug_frame   0x00000000       0x2c main.o
