
Memory Configuration

Name             Origin             Length             Attributes
flash            0x0000000000000000 0x0000000020000000 xr
sram             0x0000000020000000 0x0000000020000000 xrw
*default*        0x0000000000000000 0xffffffffffffffff

Linker script and memory map


.text           0x0000000000000000      0x130
 *(.vectors*)
 .vectors       0x0000000000000000       0x10 startup.o
                0x0000000000000000                g_p_fn_vectors
 *(.text*)
 .text          0x0000000000000010       0x90 main.o
                0x0000000000000010                main
 .text          0x00000000000000a0       0x90 startup.o
                0x00000000000000a0                Reset_Handler
                0x0000000000000124                H_fault_Handler
                0x0000000000000124                Default_handler
                0x0000000000000124                NMI_Handler
 *(.rodata)
                0x0000000000000130                _E_text = .

.glue_7         0x0000000000000130        0x0
 .glue_7        0x0000000000000130        0x0 linker stubs

.glue_7t        0x0000000000000130        0x0
 .glue_7t       0x0000000000000130        0x0 linker stubs

.vfp11_veneer   0x0000000000000130        0x0
 .vfp11_veneer  0x0000000000000130        0x0 linker stubs

.v4_bx          0x0000000000000130        0x0
 .v4_bx         0x0000000000000130        0x0 linker stubs

.iplt           0x0000000000000130        0x0
 .iplt          0x0000000000000130        0x0 main.o

.rel.dyn        0x0000000000000130        0x0
 .rel.iplt      0x0000000000000130        0x0 main.o

.data           0x0000000020000000       0x10 load address 0x0000000000000130
                0x0000000020000000                _S_data = .
 *(.data)
 .data          0x0000000020000000       0x10 main.o
                0x0000000020000000                SYSCTL_RCGC2_R
                0x0000000020000004                GPIO_PORTF_DIR_R
                0x0000000020000008                GPIO_PORTF_DEN_R
                0x000000002000000c                PORTF
 .data          0x0000000020000010        0x0 startup.o
                0x0000000020000010                . = ALIGN (0x4)
                0x0000000020000010                _E_data = .

.igot.plt       0x0000000020000010        0x0 load address 0x0000000000000140
 .igot.plt      0x0000000020000010        0x0 main.o

.bss            0x0000000020000010      0x400 load address 0x0000000000000140
                0x0000000020000010                _S_bss = .
 *(.bss*)
 .bss           0x0000000020000010        0x0 main.o
 .bss           0x0000000020000010      0x400 startup.o
                0x0000000020000410                _E_bss = .
LOAD main.o
LOAD startup.o
OUTPUT(unit3_lab4_cortexM4.elf elf32-littlearm)

.debug_info     0x0000000000000000      0x4ce
 .debug_info    0x0000000000000000      0x34e main.o
 .debug_info    0x000000000000034e      0x180 startup.o

.debug_abbrev   0x0000000000000000      0x18a
 .debug_abbrev  0x0000000000000000       0xc4 main.o
 .debug_abbrev  0x00000000000000c4       0xc6 startup.o

.debug_loc      0x0000000000000000       0xb4
 .debug_loc     0x0000000000000000       0x38 main.o
 .debug_loc     0x0000000000000038       0x7c startup.o

.debug_aranges  0x0000000000000000       0x40
 .debug_aranges
                0x0000000000000000       0x20 main.o
 .debug_aranges
                0x0000000000000020       0x20 startup.o

.debug_line     0x0000000000000000      0x26b
 .debug_line    0x0000000000000000      0x204 main.o
 .debug_line    0x0000000000000204       0x67 startup.o

.debug_str      0x0000000000000000      0x270
 .debug_str     0x0000000000000000      0x1ea main.o
                                        0x227 (size before relaxing)
 .debug_str     0x00000000000001ea       0x86 startup.o
                                        0x18f (size before relaxing)

.comment        0x0000000000000000       0x7b
 .comment       0x0000000000000000       0x7b main.o
                                         0x7c (size before relaxing)
 .comment       0x000000000000007b       0x7c startup.o

.ARM.attributes
                0x0000000000000000       0x33
 .ARM.attributes
                0x0000000000000000       0x33 main.o
 .ARM.attributes
                0x0000000000000033       0x33 startup.o

.debug_frame    0x0000000000000000       0x7c
 .debug_frame   0x0000000000000000       0x2c main.o
 .debug_frame   0x000000000000002c       0x50 startup.o
